// Jest Snapshot v1, https://goo.gl/fbAQLP

exports[`FittingDetails component Render the FittingDetails component with default props 1`] = `
<div>
  <div
    class="fitting-options__wrapper fitting-options__fitting-details"
  >
    <div
      class="fitting-options__selected"
      style="display: none;"
    >
      <div
        class="bookingItem bookingItem__fitting-kit"
        role="presentation"
      >
        <div>
          <span
            class="bookingItem__icon"
          />
        </div>
        <p
          class="bookingItem__title"
        >
          I would like to fit myself using Hemster's Fitting Kit
        </p>
      </div>
    </div>
    <div
      style="display: none;"
    >
      <div
        class="bookingItem bookingItem__fit-stylist bookingItem__small"
        role="presentation"
      >
        <div>
          <span
            class="bookingItem__icon"
          />
        </div>
        <p
          class="bookingItem__title"
        >
          I would like to book an appointment to meet with a Fit Stylist virtually
        </p>
      </div>
      <div
        class="bookingItem bookingItem__in-home-stylist bookingItem__small"
        role="presentation"
      >
        <div>
          <span
            class="bookingItem__icon"
          />
        </div>
        <p
          class="bookingItem__title"
        >
          I would like to book an In-Home Appointment with a Fit Stylist
        </p>
      </div>
    </div>
    <div
      class="indicator"
    >
      <span
        class="indicator__img"
      />
    </div>
  </div>
</div>
`;
