// Jest Snapshot v1, https://goo.gl/fbAQLP

exports[`AppointmentModal component should render correctly AppointmentModal component default props 1`] = `
<Modal
  className="shipping-modal"
  handleCloseModal={[MockFunction]}
  title=""
>
  <div
    className="shipping-modal"
  >
    <p
      className="shipping-modal__title"
    >
      Ready to book your appointment?
    </p>
    <div
      className="shipping-modal__appointmentWrapper"
    >
      <a
        className="btn btn__success btn__small shipping-modal__appointment"
        href="https://booking.mangomint.com/852173"
        target="blank"
      >
        Book an appointment
      </a>
    </div>
  </div>
</Modal>
`;
