// Jest Snapshot v1, https://goo.gl/fbAQLP

exports[`FittingItem component should render correctly FittingItem component default props 1`] = `
<div
  className="fitting-item fitting-item__appointment"
>
  <div>
    <span
      className="fitting-item__icon"
    />
  </div>
  <div
    className="fitting-item__wrapper"
  >
    <p
      className="fitting-item__title"
    >
      appointment
    </p>
    <p
      className="fitting-item__description"
    >
      Book an appointment to meet with our Fit Stylist virtually
    </p>
  </div>
</div>
`;
