// Jest Snapshot v1, https://goo.gl/fbAQLP

exports[`Header component should render correctly Header component default props 1`] = `
<header
  className="main-header"
>
  <h1>
    <Link
      to="/fitting-options"
    >
      <img
        alt="Hemster"
        src={
          Object {
            "process": [Function],
          }
        }
      />
    </Link>
  </h1>
</header>
`;
