// Jest Snapshot v1, https://goo.gl/fbAQLP

exports[`Input component should render correctly Input component default props 1`] = `
<div
  className=" input-group"
>
  <div>
    <input
      className="input-group__text  input-group__without-border"
      disabled={false}
      onBlur={[Function]}
      onChange={[Function]}
      onKeyDown={[Function]}
      placeholder=""
      type="text"
      value=""
    />
  </div>
  <span
    className="input-group__tooltip"
    data-event="click focus"
    data-for="tooltip-guide"
  />
  <ReactTooltip
    border={true}
    clickable={false}
    effect="solid"
    globalEventOff="click"
    id="tooltip-guide"
    insecure={true}
    place="right"
    resizeHide={true}
    type="light"
    wrapper="div"
  >
    <div
      className="landing__tooltip"
    >
      <p>
        need help? 
        <span>
          How to measure guide
        </span>
      </p>
    </div>
  </ReactTooltip>
</div>
`;
